---
source: bench/tests/plans/bsbm_business_intelligence.rs
expression: canonicalize_uuids(&explanation.initial_logical_plan.to_string())
---
Projection: ENC_PT(reviewer) AS reviewer, ENC_PT(reviewerAvgScore) AS reviewerAvgScore
  Projection: reviewer, reviewerAvgScore
    Extend: ?reviewerAvgScore 00000000000000000000000000000001
      Filter: EBV(GT(00000000000000000000000000000001, MUL(00000000000000000000000000000002, ENC_TV(Struct({term_type:2,value:1.5,data_type:http://www.w3.org/2001/XMLSchema#decimal,language_tag:})))))
        Projection: reviewer, 00000000000000000000000000000001, 00000000000000000000000000000002
          Aggregate: groupBy=[[reviewer AS reviewer]], aggr=[[AVG(xsd:float(ENC_TV(score))) AS 00000000000000000000000000000001, MIN(avgScore) AS 00000000000000000000000000000002]]
            SparqlJoin: Inner 
              SparqlJoin: Inner 
                Projection: avgScore
                  Extend: ?avgScore 00000000000000000000000000000003
                    Projection: 00000000000000000000000000000003
                      Aggregate: groupBy=[[]], aggr=[[AVG(xsd:float(ENC_TV(score))) AS 00000000000000000000000000000003]]
                        SparqlJoin: Inner 
                          SparqlJoin: Inner 
                            QuadPattern (?product <http://www4.wiwiss.fu-berlin.de/bizer/bsbm/v01/vocabulary/producer> <http://www4.wiwiss.fu-berlin.de/bizer/bsbm/v01/instances/dataFromProducer6/Producer6>), active_graph: Union of [DefaultGraph] 
                            QuadPattern (?review <http://www4.wiwiss.fu-berlin.de/bizer/bsbm/v01/vocabulary/reviewFor> ?product), active_graph: Union of [DefaultGraph] 
                          Union
                            Projection: review, score
                              Union
                                Projection: review, score
                                  Union
                                    Projection: review, score
                                      QuadPattern (?review <http://www4.wiwiss.fu-berlin.de/bizer/bsbm/v01/vocabulary/rating1> ?score), active_graph: Union of [DefaultGraph] 
                                    Projection: review, score
                                      QuadPattern (?review <http://www4.wiwiss.fu-berlin.de/bizer/bsbm/v01/vocabulary/rating2> ?score), active_graph: Union of [DefaultGraph] 
                                Projection: review, score
                                  QuadPattern (?review <http://www4.wiwiss.fu-berlin.de/bizer/bsbm/v01/vocabulary/rating3> ?score), active_graph: Union of [DefaultGraph] 
                            Projection: review, score
                              QuadPattern (?review <http://www4.wiwiss.fu-berlin.de/bizer/bsbm/v01/vocabulary/rating4> ?score), active_graph: Union of [DefaultGraph] 
                SparqlJoin: Inner 
                  SparqlJoin: Inner 
                    QuadPattern (?product <http://www4.wiwiss.fu-berlin.de/bizer/bsbm/v01/vocabulary/producer> <http://www4.wiwiss.fu-berlin.de/bizer/bsbm/v01/instances/dataFromProducer6/Producer6>), active_graph: Union of [DefaultGraph] 
                    QuadPattern (?review <http://www4.wiwiss.fu-berlin.de/bizer/bsbm/v01/vocabulary/reviewFor> ?product), active_graph: Union of [DefaultGraph] 
                  QuadPattern (?review <http://purl.org/stuff/rev#reviewer> ?reviewer), active_graph: Union of [DefaultGraph] 
              Union
                Projection: review, score
                  Union
                    Projection: review, score
                      Union
                        Projection: review, score
                          QuadPattern (?review <http://www4.wiwiss.fu-berlin.de/bizer/bsbm/v01/vocabulary/rating1> ?score), active_graph: Union of [DefaultGraph] 
                        Projection: review, score
                          QuadPattern (?review <http://www4.wiwiss.fu-berlin.de/bizer/bsbm/v01/vocabulary/rating2> ?score), active_graph: Union of [DefaultGraph] 
                    Projection: review, score
                      QuadPattern (?review <http://www4.wiwiss.fu-berlin.de/bizer/bsbm/v01/vocabulary/rating3> ?score), active_graph: Union of [DefaultGraph] 
                Projection: review, score
                  QuadPattern (?review <http://www4.wiwiss.fu-berlin.de/bizer/bsbm/v01/vocabulary/rating4> ?score), active_graph: Union of [DefaultGraph]
