---
source: bench/tests/plans/bsbm_business_intelligence.rs
expression: "&string"
---
ProjectionExec: expr=[ENC_PT(product@0) as product]
  CoalesceBatchesExec: target_batch_size=8192
    HashJoinExec: mode=CollectLeft, join_type=LeftAnti, on=[(product@0, __inner__product@0)]
      ProjectionExec: expr=[product@0 as product]
        SortExec: TopK(fetch=1000), expr=[ENC_SORT(offerCount@1) DESC], preserve_partitioning=[false]
          ProjectionExec: expr=[product@0 as product, INT64_AS_TERM(<uuid>@1) as offerCount]
            AggregateExec: mode=Single, gby=[product@0 as product], aggr=[<uuid>]
              CoalesceBatchesExec: target_batch_size=8192
                HashJoinExec: mode=CollectLeft, join_type=Inner, on=[(product@0, product@1)], projection=[product@0, offer@1]
                  MemQuadPatternExec: [GPOS] subject=?product, predicate=<http://www.w3.org/1999/02/22-rdf-syntax-ns#type>, object=<http://www4.wiwiss.fu-berlin.de/bizer/bsbm/v01/instances/ProductType1>
                  MemQuadPatternExec: [GPOS] subject=?offer, predicate=<http://www4.wiwiss.fu-berlin.de/bizer/bsbm/v01/vocabulary/product>, object=?product
      ProjectionExec: expr=[product@0 as __inner__product]
        CoalesceBatchesExec: target_batch_size=8192
          HashJoinExec: mode=CollectLeft, join_type=Inner, on=[(vendor@1, vendor@0)], projection=[product@0]
            CoalesceBatchesExec: target_batch_size=8192
              HashJoinExec: mode=CollectLeft, join_type=Inner, on=[(offer@0, offer@0)], projection=[product@1, vendor@3]
                MemQuadPatternExec: [GPOS] subject=?offer, predicate=<http://www4.wiwiss.fu-berlin.de/bizer/bsbm/v01/vocabulary/product>, object=?product
                MemQuadPatternExec: [GPOS] subject=?offer, predicate=<http://www4.wiwiss.fu-berlin.de/bizer/bsbm/v01/vocabulary/vendor>, object=?vendor
            CoalesceBatchesExec: target_batch_size=8192
              FilterExec: country@1 = 15444, projection=[vendor@0]
                MemQuadPatternExec: [GPOS] subject=?vendor, predicate=<http://www4.wiwiss.fu-berlin.de/bizer/bsbm/v01/vocabulary/country>, object=?country
