---
source: bench/tests/plans/wind_farm.rs
expression: "&string"
---
ProjectionExec: expr=[ENC_PT(site_label@0) as site_label, ENC_PT(wtur_label@1) as wtur_label, year@2 as year, month@3 as month, day@4 as day, hour@5 as hour, minute_10@6 as minute_10, ENC_PT(<uuid>@7) as avg_val]
  AggregateExec: mode=Single, gby=[site_label@0 as site_label, wtur_label@1 as wtur_label, ENC_PT(year@7) as year, ENC_PT(month@6) as month, ENC_PT(day@5) as day, ENC_PT(hour@4) as hour, ENC_PT(minute_10@3) as minute_10], aggr=[<uuid>]
    ProjectionExec: expr=[site_label@1 as site_label, wtur_label@2 as wtur_label, val@3 as val, minute_10@4 as minute_10, hour@5 as hour, day@6 as day, MONTH(__common_expr_3@0) as month, YEAR(__common_expr_3@0) as year]
      ProjectionExec: expr=[ENC_TV(t@4) as __common_expr_3, site_label@1 as site_label, wtur_label@2 as wtur_label, val@3 as val, MUL(9:10, FLOOR(DIV(MINUTES(__common_expr_7@0), 7:Some(<uuid>),36,16))) as minute_10, HOURS(__common_expr_7@0) as hour, DAY(__common_expr_7@0) as day]
        ProjectionExec: expr=[ENC_TV(t@3) as __common_expr_7, site_label@0 as site_label, wtur_label@1 as wtur_label, val@2 as val, t@3 as t]
          CoalesceBatchesExec: target_batch_size=8192
            HashJoinExec: mode=CollectLeft, join_type=Inner, on=[(dp@2, dp@0)], projection=[site_label@0, wtur_label@1, val@3, t@5]
              CoalesceBatchesExec: target_batch_size=8192
                HashJoinExec: mode=CollectLeft, join_type=Inner, on=[(dp@2, dp@0)], projection=[site_label@0, wtur_label@1, dp@2, val@4]
                  CoalesceBatchesExec: target_batch_size=8192
                    HashJoinExec: mode=CollectLeft, join_type=Inner, on=[(ts@2, ts@0)], projection=[site_label@0, wtur_label@1, dp@4]
                      CoalesceBatchesExec: target_batch_size=8192
                        HashJoinExec: mode=CollectLeft, join_type=Inner, on=[(ts@2, ts@0)], projection=[site_label@0, wtur_label@1, ts@2]
                          CoalesceBatchesExec: target_batch_size=8192
                            HashJoinExec: mode=CollectLeft, join_type=Inner, on=[(generator@2, generator@0)], projection=[site_label@0, wtur_label@1, ts@4]
                              CoalesceBatchesExec: target_batch_size=8192
                                HashJoinExec: mode=CollectLeft, join_type=Inner, on=[(generator@2, generator@0)], projection=[site_label@0, wtur_label@1, generator@2]
                                  CoalesceBatchesExec: target_batch_size=8192
                                    HashJoinExec: mode=CollectLeft, join_type=Inner, on=[(generator_asp@2, generator_asp@1)], projection=[site_label@0, wtur_label@1, generator@3]
                                      CoalesceBatchesExec: target_batch_size=8192
                                        HashJoinExec: mode=CollectLeft, join_type=Inner, on=[(gensys@2, gensys@0)], projection=[site_label@0, wtur_label@1, generator_asp@4]
                                          CoalesceBatchesExec: target_batch_size=8192
                                            HashJoinExec: mode=CollectLeft, join_type=Inner, on=[(gensys@2, gensys@0)], projection=[site_label@0, wtur_label@1, gensys@2]
                                              CoalesceBatchesExec: target_batch_size=8192
                                                HashJoinExec: mode=CollectLeft, join_type=Inner, on=[(gensys_asp@2, gensys_asp@1)], projection=[site_label@0, wtur_label@1, gensys@3]
                                                  CoalesceBatchesExec: target_batch_size=8192
                                                    HashJoinExec: mode=CollectLeft, join_type=Inner, on=[(wtur@2, wtur@0)], projection=[site_label@0, wtur_label@1, gensys_asp@3]
                                                      CoalesceBatchesExec: target_batch_size=8192
                                                        HashJoinExec: mode=CollectLeft, join_type=Inner, on=[(wtur@2, wtur@0)], projection=[site_label@0, wtur_label@1, wtur@2, gensys_asp@4]
                                                          CoalesceBatchesExec: target_batch_size=8192
                                                            HashJoinExec: mode=CollectLeft, join_type=Inner, on=[(wtur_asp@1, wtur_asp@1)], projection=[site_label@0, wtur_label@2, wtur@3]
                                                              CoalesceBatchesExec: target_batch_size=8192
                                                                HashJoinExec: mode=CollectLeft, join_type=Inner, on=[(wtur_asp@1, wtur_asp@0)], projection=[site_label@0, wtur_asp@1, wtur_label@3]
                                                                  CoalesceBatchesExec: target_batch_size=8192
                                                                    HashJoinExec: mode=CollectLeft, join_type=Inner, on=[(site@0, site@0)], projection=[site_label@1, wtur_asp@3]
                                                                      CoalesceBatchesExec: target_batch_size=8192
                                                                        HashJoinExec: mode=CollectLeft, join_type=Inner, on=[(site@0, site@0)], projection=[site@0, site_label@2]
                                                                          DataSourceExec: [GPOS] subject=?site, predicate=<http://www.w3.org/1999/02/22-rdf-syntax-ns#type>, object=<https://github.com/magbak/chrontext/rds_power#Site>
                                                                          CoalesceBatchesExec: target_batch_size=8192
                                                                            FilterExec: EBV(EQ(ENC_TV(site_label@1), 3:{value:Wind Mountain,language:}))
                                                                              DataSourceExec: [GPOS] subject=?site, predicate=<http://www.w3.org/2000/01/rdf-schema#label>, object=?site_label, additional_filters=[DynamicFilter [ site@0 >= <object id> AND site@0 <= <object id> ]]
                                                                      DataSourceExec: [GPOS] subject=?site, predicate=<https://github.com/magbak/chrontext/rds_power#hasFunctionalAspect>, object=?wtur_asp, additional_filters=[DynamicFilter [ site@0 >= <object id> AND site@0 <= <object id> ]]
                                                                  CoalesceBatchesExec: target_batch_size=8192
                                                                    FilterExec: EBV(EQ(__common_expr_8@0, 3:{value:A1,language:})) OR EBV(EQ(__common_expr_8@0, 3:{value:A2,language:})) OR EBV(EQ(__common_expr_8@0, 3:{value:A3,language:})) OR EBV(EQ(__common_expr_8@0, 3:{value:A4,language:})) OR EBV(EQ(__common_expr_8@0, 3:{value:A5,language:})) OR EBV(EQ(__common_expr_8@0, 3:{value:A6,language:})) OR EBV(EQ(__common_expr_8@0, 3:{value:A7,language:})) OR EBV(EQ(__common_expr_8@0, 3:{value:A8,language:})) OR EBV(EQ(__common_expr_8@0, 3:{value:A9,language:})) OR EBV(EQ(__common_expr_8@0, 3:{value:A10,language:})), projection=[wtur_asp@1, wtur_label@2]
                                                                      ProjectionExec: expr=[ENC_TV(wtur_label@1) as __common_expr_8, wtur_asp@0 as wtur_asp, wtur_label@1 as wtur_label]
                                                                        DataSourceExec: [GPOS] subject=?wtur_asp, predicate=<http://www.w3.org/2000/01/rdf-schema#label>, object=?wtur_label, additional_filters=[DynamicFilter [ wtur_asp@0 >= <object id> AND wtur_asp@0 <= <object id> ]]
                                                              DataSourceExec: [GPOS] subject=?wtur, predicate=<https://github.com/magbak/chrontext/rds_power#hasFunctionalAspectNode>, object=?wtur_asp, additional_filters=[DynamicFilter [ wtur_asp@1 >= <object id> AND wtur_asp@1 <= <object id> ]]
                                                          DataSourceExec: [GPOS] subject=?wtur, predicate=<https://github.com/magbak/chrontext/rds_power#hasFunctionalAspect>, object=?gensys_asp, additional_filters=[DynamicFilter [ wtur@0 >= <object id> AND wtur@0 <= <object id> ]]
                                                      DataSourceExec: [GPOS] subject=?wtur, predicate=<http://www.w3.org/1999/02/22-rdf-syntax-ns#type>, object=<https://github.com/magbak/chrontext/rds_power#A>, additional_filters=[DynamicFilter [ wtur@0 >= <object id> AND wtur@0 <= <object id> ]]
                                                  DataSourceExec: [GPOS] subject=?gensys, predicate=<https://github.com/magbak/chrontext/rds_power#hasFunctionalAspectNode>, object=?gensys_asp, additional_filters=[DynamicFilter [ gensys_asp@1 >= <object id> AND gensys_asp@1 <= <object id> ]]
                                              DataSourceExec: [GPOS] subject=?gensys, predicate=<http://www.w3.org/1999/02/22-rdf-syntax-ns#type>, object=<https://github.com/magbak/chrontext/rds_power#RA>, additional_filters=[DynamicFilter [ gensys@0 >= <object id> AND gensys@0 <= <object id> ]]
                                          DataSourceExec: [GPOS] subject=?gensys, predicate=<https://github.com/magbak/chrontext/rds_power#hasFunctionalAspect>, object=?generator_asp, additional_filters=[DynamicFilter [ gensys@0 >= <object id> AND gensys@0 <= <object id> ]]
                                      DataSourceExec: [GPOS] subject=?generator, predicate=<https://github.com/magbak/chrontext/rds_power#hasFunctionalAspectNode>, object=?generator_asp, additional_filters=[DynamicFilter [ generator_asp@1 >= <object id> AND generator_asp@1 <= <object id> ]]
                                  DataSourceExec: [GPOS] subject=?generator, predicate=<http://www.w3.org/1999/02/22-rdf-syntax-ns#type>, object=<https://github.com/magbak/chrontext/rds_power#GAA>, additional_filters=[DynamicFilter [ generator@0 >= <object id> AND generator@0 <= <object id> ]]
                              DataSourceExec: [GPOS] subject=?generator, predicate=<https://github.com/magbak/chrontext#hasTimeseries>, object=?ts, additional_filters=[DynamicFilter [ generator@0 >= <object id> AND generator@0 <= <object id> ]]
                          DataSourceExec: [GPOS] subject=?ts, predicate=<http://www.w3.org/2000/01/rdf-schema#label>, object="Production", additional_filters=[DynamicFilter [ ts@0 >= <object id> AND ts@0 <= <object id> ]]
                      DataSourceExec: [GPOS] subject=?ts, predicate=<https://github.com/magbak/chrontext#hasDataPoint>, object=?dp, additional_filters=[DynamicFilter [ ts@0 >= <object id> AND ts@0 <= <object id> ]]
                  DataSourceExec: [GPOS] subject=?dp, predicate=<https://github.com/magbak/chrontext#hasValue>, object=?val, additional_filters=[DynamicFilter [ dp@0 >= <object id> AND dp@0 <= <object id> ]]
              CoalesceBatchesExec: target_batch_size=8192
                FilterExec: EBV(GEQ(__common_expr_9@0, 10:{value:6379744601300.0000000000000000,offset:})) AND EBV(LEQ(__common_expr_9@0, 10:{value:6379749281300.0000000000000000,offset:})), projection=[dp@1, t@2]
                  ProjectionExec: expr=[ENC_TV(t@1) as __common_expr_9, dp@0 as dp, t@1 as t]
                    DataSourceExec: [GPOS] subject=?dp, predicate=<https://github.com/magbak/chrontext#hasTimestamp>, object=?t, additional_filters=[DynamicFilter [ dp@0 >= <object id> AND dp@0 <= <object id> ]]
