---
source: bench/tests/plans/wind_farm.rs
expression: canonicalize_uuids(&explanation.initial_logical_plan.to_string())
---
Projection: ENC_PT(site_label) AS site_label, ENC_PT(wtur_label) AS wtur_label, year AS year, month AS month, day AS day, hour AS hour, minute_10 AS minute_10, ENC_PT(val_prod_avg) AS val_prod_avg, ENC_PT(val_dir_avg) AS val_dir_avg, ENC_PT(val_speed_avg) AS val_speed_avg
  Projection: site_label, wtur_label, year, month, day, hour, minute_10, val_prod_avg, val_dir_avg, val_speed_avg
    Extend: ?val_speed_avg 00000000000000000000000000000001
      Extend: ?val_dir_avg 00000000000000000000000000000002
        Extend: ?val_prod_avg 00000000000000000000000000000003
          Projection: site_label, wtur_label, year, month, day, hour, minute_10, 00000000000000000000000000000003, 00000000000000000000000000000002, 00000000000000000000000000000001
            Aggregate: groupBy=[[site_label AS site_label, wtur_label AS wtur_label, ENC_PT(year) AS year, ENC_PT(month) AS month, ENC_PT(day) AS day, ENC_PT(hour) AS hour, ENC_PT(minute_10) AS minute_10]], aggr=[[AVG(ENC_TV(val_prod)) AS 00000000000000000000000000000003, AVG(ENC_TV(val_dir)) AS 00000000000000000000000000000002, AVG(ENC_TV(val_speed)) AS 00000000000000000000000000000001]]
              Filter: EBV(BOOLEAN_AS_TERM(coalesce(EBV(BOOLEAN_AS_TERM(coalesce(EBV(EQ(ENC_TV(site_label), ENC_TV(Struct({term_type:2,value:Wind Mountain,data_type:http://www.w3.org/2001/XMLSchema#string,language_tag:})))), Boolean(false)) AND coalesce(EBV(GEQ(ENC_TV(t), ENC_TV(Struct({term_type:2,value:2022-08-30T08:46:53,data_type:http://www.w3.org/2001/XMLSchema#dateTime,language_tag:})))), Boolean(false)))), Boolean(false)) AND coalesce(EBV(LEQ(ENC_TV(t), ENC_TV(Struct({term_type:2,value:2022-08-30T21:46:53,data_type:http://www.w3.org/2001/XMLSchema#dateTime,language_tag:})))), Boolean(false))))
                Extend: ?year YEAR(ENC_TV(t))
                  Extend: ?month MONTH(ENC_TV(t))
                    Extend: ?day DAY(ENC_TV(t))
                      Extend: ?hour HOURS(ENC_TV(t))
                        Extend: ?minute_10 MUL(ENC_TV(Struct({term_type:2,value:10,data_type:http://www.w3.org/2001/XMLSchema#integer,language_tag:})), FLOOR(DIV(MINUTES(ENC_TV(t)), ENC_TV(Struct({term_type:2,value:10.0,data_type:http://www.w3.org/2001/XMLSchema#decimal,language_tag:})))))
                          SparqlJoin: Inner 
                            SparqlJoin: Inner 
                              SparqlJoin: Inner 
                                SparqlJoin: Inner 
                                  SparqlJoin: Inner 
                                    SparqlJoin: Inner 
                                      SparqlJoin: Inner 
                                        SparqlJoin: Inner 
                                          SparqlJoin: Inner 
                                            SparqlJoin: Inner 
                                              SparqlJoin: Inner 
                                                SparqlJoin: Inner 
                                                  SparqlJoin: Inner 
                                                    SparqlJoin: Inner 
                                                      SparqlJoin: Inner 
                                                        SparqlJoin: Inner 
                                                          SparqlJoin: Inner 
                                                            SparqlJoin: Inner 
                                                              SparqlJoin: Inner 
                                                                SparqlJoin: Inner 
                                                                  SparqlJoin: Inner 
                                                                    SparqlJoin: Inner 
                                                                      SparqlJoin: Inner 
                                                                        SparqlJoin: Inner 
                                                                          SparqlJoin: Inner 
                                                                            SparqlJoin: Inner 
                                                                              SparqlJoin: Inner 
                                                                                SparqlJoin: Inner 
                                                                                  SparqlJoin: Inner 
                                                                                    QuadPattern (?site <http://www.w3.org/1999/02/22-rdf-syntax-ns#type> <https://github.com/magbak/chrontext/rds_power#Site>), active_graph: Union of [DefaultGraph] 
                                                                                    QuadPattern (?site <http://www.w3.org/2000/01/rdf-schema#label> ?site_label), active_graph: Union of [DefaultGraph] 
                                                                                  QuadPattern (?site <https://github.com/magbak/chrontext/rds_power#hasFunctionalAspect> ?wtur_asp), active_graph: Union of [DefaultGraph] 
                                                                                QuadPattern (?wtur_asp <http://www.w3.org/2000/01/rdf-schema#label> ?wtur_label), active_graph: Union of [DefaultGraph] 
                                                                              QuadPattern (?wtur <https://github.com/magbak/chrontext/rds_power#hasFunctionalAspectNode> ?wtur_asp), active_graph: Union of [DefaultGraph] 
                                                                            QuadPattern (?wtur <http://www.w3.org/1999/02/22-rdf-syntax-ns#type> <https://github.com/magbak/chrontext/rds_power#A>), active_graph: Union of [DefaultGraph] 
                                                                          QuadPattern (?wtur <https://github.com/magbak/chrontext/rds_power#hasFunctionalAspect> ?gensys_asp), active_graph: Union of [DefaultGraph] 
                                                                        QuadPattern (?gensys <https://github.com/magbak/chrontext/rds_power#hasFunctionalAspectNode> ?gensys_asp), active_graph: Union of [DefaultGraph] 
                                                                      QuadPattern (?gensys <http://www.w3.org/1999/02/22-rdf-syntax-ns#type> <https://github.com/magbak/chrontext/rds_power#RA>), active_graph: Union of [DefaultGraph] 
                                                                    QuadPattern (?gensys <https://github.com/magbak/chrontext/rds_power#hasFunctionalAspect> ?generator_asp), active_graph: Union of [DefaultGraph] 
                                                                  QuadPattern (?generator <https://github.com/magbak/chrontext/rds_power#hasFunctionalAspectNode> ?generator_asp), active_graph: Union of [DefaultGraph] 
                                                                QuadPattern (?generator <http://www.w3.org/1999/02/22-rdf-syntax-ns#type> <https://github.com/magbak/chrontext/rds_power#GAA>), active_graph: Union of [DefaultGraph] 
                                                              QuadPattern (?wtur <https://github.com/magbak/chrontext/rds_power#hasFunctionalAspect> ?weather_asp), active_graph: Union of [DefaultGraph] 
                                                            QuadPattern (?weather <https://github.com/magbak/chrontext/rds_power#hasFunctionalAspectNode> ?weather_asp), active_graph: Union of [DefaultGraph] 
                                                          QuadPattern (?weather <http://www.w3.org/1999/02/22-rdf-syntax-ns#type> <https://github.com/magbak/chrontext/rds_power#LE>), active_graph: Union of [DefaultGraph] 
                                                        QuadPattern (?weather <https://github.com/magbak/chrontext#hasTimeseries> ?ts_speed), active_graph: Union of [DefaultGraph] 
                                                      QuadPattern (?ts_speed <https://github.com/magbak/chrontext#hasDataPoint> ?dp_speed), active_graph: Union of [DefaultGraph] 
                                                    QuadPattern (?dp_speed <https://github.com/magbak/chrontext#hasValue> ?val_speed), active_graph: Union of [DefaultGraph] 
                                                  QuadPattern (?dp_speed <https://github.com/magbak/chrontext#hasTimestamp> ?t), active_graph: Union of [DefaultGraph] 
                                                QuadPattern (?ts_speed <http://www.w3.org/2000/01/rdf-schema#label> "Windspeed"), active_graph: Union of [DefaultGraph] 
                                              QuadPattern (?weather <https://github.com/magbak/chrontext#hasTimeseries> ?ts_dir), active_graph: Union of [DefaultGraph] 
                                            QuadPattern (?ts_dir <https://github.com/magbak/chrontext#hasDataPoint> ?dp_dir), active_graph: Union of [DefaultGraph] 
                                          QuadPattern (?dp_dir <https://github.com/magbak/chrontext#hasValue> ?val_dir), active_graph: Union of [DefaultGraph] 
                                        QuadPattern (?dp_dir <https://github.com/magbak/chrontext#hasTimestamp> ?t), active_graph: Union of [DefaultGraph] 
                                      QuadPattern (?ts_dir <http://www.w3.org/2000/01/rdf-schema#label> "WindDirection"), active_graph: Union of [DefaultGraph] 
                                    QuadPattern (?generator <https://github.com/magbak/chrontext#hasTimeseries> ?ts_prod), active_graph: Union of [DefaultGraph] 
                                  QuadPattern (?ts_prod <http://www.w3.org/2000/01/rdf-schema#label> "Production"), active_graph: Union of [DefaultGraph] 
                                QuadPattern (?ts_prod <https://github.com/magbak/chrontext#hasDataPoint> ?dp_prod), active_graph: Union of [DefaultGraph] 
                              QuadPattern (?dp_prod <https://github.com/magbak/chrontext#hasValue> ?val_prod), active_graph: Union of [DefaultGraph] 
                            QuadPattern (?dp_prod <https://github.com/magbak/chrontext#hasTimestamp> ?t), active_graph: Union of [DefaultGraph]
