---
source: bench/tests/plans/bsbm_business_intelligence.rs
expression: "&string"
---
ProjectionExec: expr=[ENC_PT(vendor@0) as vendor, ENC_PT(cheapExpensiveRatio@3) as cheapExpensiveRatio]
  SortExec: TopK(fetch=10), expr=[ENC_SORT(DIV(xsd:float(belowAvg@1), offerCount@2)) DESC, ENC_SORT(ENC_PT(vendor@0)) ASC], preserve_partitioning=[false]
    ProjectionExec: expr=[vendor@0 as vendor, belowAvg@1 as belowAvg, offerCount@2 as offerCount, DIV(xsd:float(belowAvg@1), offerCount@2) as cheapExpensiveRatio]
      CoalesceBatchesExec: target_batch_size=8192
        HashJoinExec: mode=CollectLeft, join_type=Inner, on=[(vendor@0, vendor@0)], projection=[vendor@0, belowAvg@1, offerCount@3]
          ProjectionExec: expr=[vendor@0 as vendor, INT64_AS_TERM(<uuid>@1) as belowAvg]
            AggregateExec: mode=Single, gby=[vendor@1 as vendor], aggr=[<uuid>]
              CoalesceBatchesExec: target_batch_size=8192
                HashJoinExec: mode=CollectLeft, join_type=Inner, on=[(product@0, product@0)], filter=EBV(LT(xsd:float(xsd:string(ENC_TV(price@0))), avgPrice@1)), projection=[offer@1, vendor@2]
                  CoalesceBatchesExec: target_batch_size=8192
                    HashJoinExec: mode=CollectLeft, join_type=Inner, on=[(offer@1, offer@0)], projection=[product@0, offer@1, vendor@2, price@4]
                      CoalesceBatchesExec: target_batch_size=8192
                        HashJoinExec: mode=CollectLeft, join_type=Inner, on=[(offer@1, offer@0)], projection=[product@0, offer@1, vendor@3]
                          CoalesceBatchesExec: target_batch_size=8192
                            HashJoinExec: mode=CollectLeft, join_type=Inner, on=[(product@0, product@1)], projection=[product@0, offer@1]
                              DataSourceExec: [GPOS] subject=?product, predicate=<http://www.w3.org/1999/02/22-rdf-syntax-ns#type>, object=<http://www4.wiwiss.fu-berlin.de/bizer/bsbm/v01/instances/ProductType4>
                              DataSourceExec: [GPOS] subject=?offer, predicate=<http://www4.wiwiss.fu-berlin.de/bizer/bsbm/v01/vocabulary/product>, object=?product, additional_filters=[DynamicFilterPhysicalExpr [ true ]]
                          DataSourceExec: [GPOS] subject=?offer, predicate=<http://www4.wiwiss.fu-berlin.de/bizer/bsbm/v01/vocabulary/vendor>, object=?vendor, additional_filters=[DynamicFilterPhysicalExpr [ true ]]
                      DataSourceExec: [GPOS] subject=?offer, predicate=<http://www4.wiwiss.fu-berlin.de/bizer/bsbm/v01/vocabulary/price>, object=?price, additional_filters=[DynamicFilterPhysicalExpr [ true ]]
                  ProjectionExec: expr=[product@0 as product, <uuid>@1 as avgPrice]
                    AggregateExec: mode=Single, gby=[product@0 as product], aggr=[<uuid>]
                      CoalesceBatchesExec: target_batch_size=8192
                        HashJoinExec: mode=CollectLeft, join_type=Inner, on=[(offer@1, offer@0)], projection=[product@0, price@3]
                          CoalesceBatchesExec: target_batch_size=8192
                            HashJoinExec: mode=CollectLeft, join_type=Inner, on=[(offer@1, offer@0)], projection=[product@0, offer@1]
                              CoalesceBatchesExec: target_batch_size=8192
                                HashJoinExec: mode=CollectLeft, join_type=Inner, on=[(product@0, product@1)], projection=[product@0, offer@1]
                                  DataSourceExec: [GPOS] subject=?product, predicate=<http://www.w3.org/1999/02/22-rdf-syntax-ns#type>, object=<http://www4.wiwiss.fu-berlin.de/bizer/bsbm/v01/instances/ProductType4>
                                  DataSourceExec: [GPOS] subject=?offer, predicate=<http://www4.wiwiss.fu-berlin.de/bizer/bsbm/v01/vocabulary/product>, object=?product, additional_filters=[DynamicFilterPhysicalExpr [ true ]]
                              ProjectionExec: expr=[offer@0 as offer]
                                DataSourceExec: [GPOS] subject=?offer, predicate=<http://www4.wiwiss.fu-berlin.de/bizer/bsbm/v01/vocabulary/vendor>, object=?vendor, additional_filters=[DynamicFilterPhysicalExpr [ true ]]
                          DataSourceExec: [GPOS] subject=?offer, predicate=<http://www4.wiwiss.fu-berlin.de/bizer/bsbm/v01/vocabulary/price>, object=?price, additional_filters=[DynamicFilterPhysicalExpr [ true ]]
          ProjectionExec: expr=[vendor@0 as vendor, INT64_AS_TERM(<uuid>@1) as offerCount]
            AggregateExec: mode=Single, gby=[vendor@1 as vendor], aggr=[<uuid>]
              CoalesceBatchesExec: target_batch_size=8192
                HashJoinExec: mode=CollectLeft, join_type=Inner, on=[(offer@0, offer@0)], projection=[offer@0, vendor@2]
                  CoalesceBatchesExec: target_batch_size=8192
                    HashJoinExec: mode=CollectLeft, join_type=Inner, on=[(product@0, product@1)], projection=[offer@1]
                      DataSourceExec: [GPOS] subject=?product, predicate=<http://www.w3.org/1999/02/22-rdf-syntax-ns#type>, object=<http://www4.wiwiss.fu-berlin.de/bizer/bsbm/v01/instances/ProductType4>
                      DataSourceExec: [GPOS] subject=?offer, predicate=<http://www4.wiwiss.fu-berlin.de/bizer/bsbm/v01/vocabulary/product>, object=?product, additional_filters=[DynamicFilterPhysicalExpr [ true ]]
                  DataSourceExec: [GPOS] subject=?offer, predicate=<http://www4.wiwiss.fu-berlin.de/bizer/bsbm/v01/vocabulary/vendor>, object=?vendor, additional_filters=[DynamicFilterPhysicalExpr [ true ]]
