---
source: bench/tests/plans/bsbm_business_intelligence.rs
expression: canonicalize_uuids(&explanation.initial_logical_plan.to_string())
---
Projection: ENV_PT(productType) AS productType, ENV_PT(reviewCount) AS reviewCount
  Limit: skip=0, fetch=10
    Projection: productType, reviewCount
      Sort: ENV_SORT(reviewCount) DESC NULLS FIRST, ENV_SORT(ENV_PT(productType)) ASC NULLS FIRST
        Projection: productType, reviewCount
          Extend: ?reviewCount 00000000000000000000000000000001
            Projection: productType, enc_int64_as_rdf_term(00000000000000000000000000000001) AS 00000000000000000000000000000001
              Aggregate: groupBy=[[productType AS productType]], aggr=[[count(review) AS 00000000000000000000000000000001]]
                SparqlJoin: Inner 
                  SparqlJoin: Inner 
                    SparqlJoin: Inner 
                      SparqlJoin: Inner 
                        SparqlJoin: Inner 
                          SparqlJoin: Inner 
                            QuadPattern (?productType <http://www.w3.org/1999/02/22-rdf-syntax-ns#type> <http://www4.wiwiss.fu-berlin.de/bizer/bsbm/v01/vocabulary/ProductType>), active_graph: Union of [DefaultGraph] 
                            QuadPattern (?product <http://www.w3.org/1999/02/22-rdf-syntax-ns#type> ?productType), active_graph: Union of [DefaultGraph] 
                          QuadPattern (?product <http://www4.wiwiss.fu-berlin.de/bizer/bsbm/v01/vocabulary/producer> ?producer), active_graph: Union of [DefaultGraph] 
                        QuadPattern (?producer <http://www4.wiwiss.fu-berlin.de/bizer/bsbm/v01/vocabulary/country> <http://downlode.org/rdf/iso-3166/countries#AT>), active_graph: Union of [DefaultGraph] 
                      QuadPattern (?review <http://www4.wiwiss.fu-berlin.de/bizer/bsbm/v01/vocabulary/reviewFor> ?product), active_graph: Union of [DefaultGraph] 
                    QuadPattern (?review <http://purl.org/stuff/rev#reviewer> ?reviewer), active_graph: Union of [DefaultGraph] 
                  QuadPattern (?reviewer <http://www4.wiwiss.fu-berlin.de/bizer/bsbm/v01/vocabulary/country> <http://downlode.org/rdf/iso-3166/countries#US>), active_graph: Union of [DefaultGraph]
