---
source: bench/tests/plans/bsbm_explore.rs
expression: canonicalize_uuids(&explanation.optimized_logical_plan.to_string())
---
Projection: ENV_PT(productURI) AS productURI, ENV_PT(productlabel) AS productlabel, ENV_PT(vendorURI) AS vendorURI, ENV_PT(vendorname) AS vendorname, ENV_PT(vendorhomepage) AS vendorhomepage, ENV_PT(offerURL) AS offerURL, ENV_PT(price) AS price, ENV_PT(deliveryDays) AS deliveryDays, ENV_PT(validTo) AS validTo
  Cross Join: 
    Cross Join: 
      Cross Join: 
        Cross Join: 
          Cross Join: 
            Projection: lhs.productURI AS productURI, rhs.productlabel AS productlabel
              Inner Join: lhs.productURI = rhs.productURI
                SubqueryAlias: lhs
                  QuadPattern (<http://www4.wiwiss.fu-berlin.de/bizer/bsbm/v01/instances/dataFromVendor5/Offer9035> <http://www4.wiwiss.fu-berlin.de/bizer/bsbm/v01/vocabulary/product> ?productURI), active_graph: Union of [DefaultGraph] 
                SubqueryAlias: rhs
                  QuadPattern (?productURI <http://www.w3.org/2000/01/rdf-schema#label> ?productlabel), active_graph: Union of [DefaultGraph] 
            Projection: lhs.vendorURI AS vendorURI, rhs.vendorname AS vendorname, rhs.vendorhomepage AS vendorhomepage
              Inner Join: lhs.vendorURI = rhs.vendorURI
                SubqueryAlias: lhs
                  QuadPattern (<http://www4.wiwiss.fu-berlin.de/bizer/bsbm/v01/instances/dataFromVendor5/Offer9035> <http://www4.wiwiss.fu-berlin.de/bizer/bsbm/v01/vocabulary/vendor> ?vendorURI), active_graph: Union of [DefaultGraph] 
                SubqueryAlias: rhs
                  Projection: lhs.vendorURI AS vendorURI, lhs.vendorname AS vendorname, rhs.vendorhomepage AS vendorhomepage
                    Inner Join: lhs.vendorURI = rhs.vendorURI
                      SubqueryAlias: lhs
                        QuadPattern (?vendorURI <http://www.w3.org/2000/01/rdf-schema#label> ?vendorname), active_graph: Union of [DefaultGraph] 
                      SubqueryAlias: rhs
                        QuadPattern (?vendorURI <http://xmlns.com/foaf/0.1/homepage> ?vendorhomepage), active_graph: Union of [DefaultGraph] 
          QuadPattern (<http://www4.wiwiss.fu-berlin.de/bizer/bsbm/v01/instances/dataFromVendor5/Offer9035> <http://www4.wiwiss.fu-berlin.de/bizer/bsbm/v01/vocabulary/offerWebpage> ?offerURL), active_graph: Union of [DefaultGraph] 
        QuadPattern (<http://www4.wiwiss.fu-berlin.de/bizer/bsbm/v01/instances/dataFromVendor5/Offer9035> <http://www4.wiwiss.fu-berlin.de/bizer/bsbm/v01/vocabulary/price> ?price), active_graph: Union of [DefaultGraph] 
      QuadPattern (<http://www4.wiwiss.fu-berlin.de/bizer/bsbm/v01/instances/dataFromVendor5/Offer9035> <http://www4.wiwiss.fu-berlin.de/bizer/bsbm/v01/vocabulary/deliveryDays> ?deliveryDays), active_graph: Union of [DefaultGraph] 
    QuadPattern (<http://www4.wiwiss.fu-berlin.de/bizer/bsbm/v01/instances/dataFromVendor5/Offer9035> <http://www4.wiwiss.fu-berlin.de/bizer/bsbm/v01/vocabulary/validTo> ?validTo), active_graph: Union of [DefaultGraph]
