---
source: bench/tests/plans/bsbm_business_intelligence.rs
expression: canonicalize_uuids(&explanation.optimized_logical_plan.to_string())
---
Projection: ENC_PT(otherProduct) AS otherProduct, ENC_PT(sameFeatures) AS sameFeatures
  Sort: ENC_SORT(sameFeatures) DESC NULLS FIRST, ENC_SORT(ENC_PT(otherProduct)) ASC NULLS FIRST, fetch=10
    Projection: lhs.otherProduct AS otherProduct, rhs.sameFeatures AS sameFeatures
      Inner Join: lhs.otherProduct = rhs.otherProduct
        SubqueryAlias: lhs
          Filter: NOT EBV(EQ(ENC_TV(otherProduct), Union 1:http://www4.wiwiss.fu-berlin.de/bizer/bsbm/v01/instances/dataFromProducer13/Product636))
            QuadPattern (?otherProduct <http://www.w3.org/1999/02/22-rdf-syntax-ns#type> <http://www4.wiwiss.fu-berlin.de/bizer/bsbm/v01/vocabulary/Product>), active_graph: Union of [DefaultGraph] 
        SubqueryAlias: rhs
          Projection: otherProduct, enc_int64_as_rdf_term(00000000000000000000000000000001) AS sameFeatures
            Filter: NOT EBV(EQ(ENC_TV(otherProduct), Union 1:http://www4.wiwiss.fu-berlin.de/bizer/bsbm/v01/instances/dataFromProducer13/Product636))
              Aggregate: groupBy=[[otherProduct AS otherProduct]], aggr=[[count(otherFeature) AS 00000000000000000000000000000001]]
                Projection: otherProduct, otherFeature
                  Inner Join:  Filter: EBV(EQ(ENC_TV(feature), ENC_TV(otherFeature)))
                    QuadPattern (<http://www4.wiwiss.fu-berlin.de/bizer/bsbm/v01/instances/dataFromProducer13/Product636> <http://www4.wiwiss.fu-berlin.de/bizer/bsbm/v01/vocabulary/productFeature> ?feature), active_graph: Union of [DefaultGraph] 
                    QuadPattern (?otherProduct <http://www4.wiwiss.fu-berlin.de/bizer/bsbm/v01/vocabulary/productFeature> ?otherFeature), active_graph: Union of [DefaultGraph]
