---
source: bench/tests/plans/bsbm_business_intelligence.rs
expression: canonicalize_uuids(&string)
---
ProjectionExec: expr=[ENV_PT(product@0) as product]
  CoalesceBatchesExec: target_batch_size=8192
    HashJoinExec: mode=CollectLeft, join_type=LeftAnti, on=[(product@0, __inner__product@0)]
      ProjectionExec: expr=[product@0 as product]
        SortExec: TopK(fetch=1000), expr=[ENV_SORT(offerCount@1) DESC], preserve_partitioning=[false]
          ProjectionExec: expr=[product@0 as product, enc_int64_as_rdf_term(00000000000000000000000000000001@1) as offerCount]
            AggregateExec: mode=Single, gby=[product@0 as product], aggr=[00000000000000000000000000000001]
              CoalesceBatchesExec: target_batch_size=8192
                HashJoinExec: mode=CollectLeft, join_type=Inner, on=[(product@0, product@1)], projection=[product@0, offer@1]
                  QuadPatternExec: n_graphs=1, subject=?product, predicate=<http://www.w3.org/1999/02/22-rdf-syntax-ns#type>, object=<http://www4.wiwiss.fu-berlin.de/bizer/bsbm/v01/instances/ProductType1>
                  QuadPatternExec: n_graphs=1, subject=?offer, predicate=<http://www4.wiwiss.fu-berlin.de/bizer/bsbm/v01/vocabulary/product>, object=?product
      ProjectionExec: expr=[product@0 as __inner__product]
        CoalesceBatchesExec: target_batch_size=8192
          HashJoinExec: mode=CollectLeft, join_type=Inner, on=[(vendor@1, vendor@0)], projection=[product@0]
            CoalesceBatchesExec: target_batch_size=8192
              HashJoinExec: mode=CollectLeft, join_type=Inner, on=[(offer@0, offer@0)], projection=[product@1, vendor@3]
                QuadPatternExec: n_graphs=1, subject=?offer, predicate=<http://www4.wiwiss.fu-berlin.de/bizer/bsbm/v01/vocabulary/product>, object=?product
                QuadPatternExec: n_graphs=1, subject=?offer, predicate=<http://www4.wiwiss.fu-berlin.de/bizer/bsbm/v01/vocabulary/vendor>, object=?vendor
            CoalesceBatchesExec: target_batch_size=8192
              FilterExec: EBV(EQ(ENC_TV(country@1), 1:http://downlode.org/rdf/iso-3166/countries#US)), projection=[vendor@0]
                QuadPatternExec: n_graphs=1, subject=?vendor, predicate=<http://www4.wiwiss.fu-berlin.de/bizer/bsbm/v01/vocabulary/country>, object=?country
