---
source: bench/tests/plans/wind_farm.rs
expression: canonicalize_uuids(&string)
---
ProjectionExec: expr=[ENV_PT(site_label@0) as site_label, ENV_PT(wtur_label@1) as wtur_label, year@2 as year, month@3 as month, day@4 as day, hour@5 as hour, minute_10@6 as minute_10, ENV_PT(00000000000000000000000000000001@7) as avg_val]
  AggregateExec: mode=Single, gby=[site_label@0 as site_label, wtur_label@2 as wtur_label, ENV_PT(year@7) as year, ENV_PT(month@6) as month, ENV_PT(day@5) as day, ENV_PT(hour@4) as hour, ENV_PT(minute_10@3) as minute_10], aggr=[00000000000000000000000000000001]
    ProjectionExec: expr=[site_label@1 as site_label, val@2 as val, wtur_label@3 as wtur_label, minute_10@4 as minute_10, hour@5 as hour, day@6 as day, MONTH(__common_expr_1@0) as month, YEAR(__common_expr_1@0) as year]
      ProjectionExec: expr=[ENC_TV(t@4) as __common_expr_1, site_label@1 as site_label, val@2 as val, wtur_label@3 as wtur_label, MUL(9:10, FLOOR(DIV(MINUTES(__common_expr_3@0), 7:Some(00000000000000000000000000000002),36,16))) as minute_10, HOURS(__common_expr_3@0) as hour, DAY(__common_expr_3@0) as day]
        ProjectionExec: expr=[ENC_TV(t@3) as __common_expr_3, site_label@0 as site_label, val@1 as val, wtur_label@2 as wtur_label, t@3 as t]
          CoalesceBatchesExec: target_batch_size=8192
            HashJoinExec: mode=CollectLeft, join_type=Inner, on=[(ts@0, ts@3)], projection=[site_label@1, val@2, wtur_label@3, t@5]
              QuadPatternExec: n_graphs=1, subject=?ts, predicate=<http://www.w3.org/2000/01/rdf-schema#label>, object="Production"
              CoalesceBatchesExec: target_batch_size=8192
                HashJoinExec: mode=CollectLeft, join_type=Inner, on=[(site@0, site@0)], projection=[site_label@2, val@3, wtur_label@4, ts@5, t@6]
                  QuadPatternExec: n_graphs=1, subject=?site, predicate=<http://www.w3.org/1999/02/22-rdf-syntax-ns#type>, object=<https://github.com/magbak/chrontext/rds_power#Site>
                  CoalesceBatchesExec: target_batch_size=8192
                    HashJoinExec: mode=CollectLeft, join_type=Inner, on=[(generator@0, generator@4)], projection=[site@1, site_label@2, val@3, wtur_label@4, ts@6, t@7]
                      QuadPatternExec: n_graphs=1, subject=?generator, predicate=<http://www.w3.org/1999/02/22-rdf-syntax-ns#type>, object=<https://github.com/magbak/chrontext/rds_power#GAA>
                      CoalesceBatchesExec: target_batch_size=8192
                        HashJoinExec: mode=CollectLeft, join_type=Inner, on=[(wtur@0, wtur@4)], projection=[site@1, site_label@2, val@3, wtur_label@4, generator@6, ts@7, t@8]
                          QuadPatternExec: n_graphs=1, subject=?wtur, predicate=<http://www.w3.org/1999/02/22-rdf-syntax-ns#type>, object=<https://github.com/magbak/chrontext/rds_power#A>
                          CoalesceBatchesExec: target_batch_size=8192
                            HashJoinExec: mode=CollectLeft, join_type=Inner, on=[(gensys@0, gensys@5)], projection=[site@1, site_label@2, val@3, wtur_label@4, wtur@5, generator@7, ts@8, t@9]
                              QuadPatternExec: n_graphs=1, subject=?gensys, predicate=<http://www.w3.org/1999/02/22-rdf-syntax-ns#type>, object=<https://github.com/magbak/chrontext/rds_power#RA>
                              CoalesceBatchesExec: target_batch_size=8192
                                HashJoinExec: mode=CollectLeft, join_type=Inner, on=[(site@0, site@1)], filter=coalesce(coalesce(EBV(EQ(ENC_TV(site_label@0), 3:{value:Wind Mountain,language:})), false) AND coalesce(EBV(GEQ(ENC_TV(t@1), 10:{value:6379744601300.0000000000000000,offset:})), false), false), projection=[site@0, site_label@1, val@2, wtur_label@4, wtur@5, gensys@6, generator@7, ts@8, t@9]
                                  QuadPatternExec: n_graphs=1, subject=?site, predicate=<http://www.w3.org/2000/01/rdf-schema#label>, object=?site_label
                                  CoalesceBatchesExec: target_batch_size=8192
                                    HashJoinExec: mode=CollectLeft, join_type=Inner, on=[(dp@0, dp@6)], projection=[val@1, site@2, wtur_label@3, wtur@4, gensys@5, generator@6, ts@7, t@9]
                                      QuadPatternExec: n_graphs=1, subject=?dp, predicate=<https://github.com/magbak/chrontext#hasValue>, object=?val
                                      CoalesceBatchesExec: target_batch_size=8192
                                        HashJoinExec: mode=CollectLeft, join_type=Inner, on=[(wtur_asp@1, wtur_asp@0)], projection=[site@0, wtur_label@3, wtur@4, gensys@5, generator@6, ts@7, dp@8, t@9]
                                          QuadPatternExec: n_graphs=1, subject=?site, predicate=<https://github.com/magbak/chrontext/rds_power#hasFunctionalAspect>, object=?wtur_asp
                                          CoalesceBatchesExec: target_batch_size=8192
                                            HashJoinExec: mode=CollectLeft, join_type=Inner, on=[(wtur_asp@0, wtur_asp@1)], projection=[wtur_asp@0, wtur_label@1, wtur@2, gensys@4, generator@5, ts@6, dp@7, t@8]
                                              QuadPatternExec: n_graphs=1, subject=?wtur_asp, predicate=<http://www.w3.org/2000/01/rdf-schema#label>, object=?wtur_label
                                              CoalesceBatchesExec: target_batch_size=8192
                                                HashJoinExec: mode=CollectLeft, join_type=Inner, on=[(wtur@0, wtur@0)], projection=[wtur@0, wtur_asp@1, gensys@3, generator@4, ts@5, dp@6, t@7]
                                                  QuadPatternExec: n_graphs=1, subject=?wtur, predicate=<https://github.com/magbak/chrontext/rds_power#hasFunctionalAspectNode>, object=?wtur_asp
                                                  CoalesceBatchesExec: target_batch_size=8192
                                                    HashJoinExec: mode=CollectLeft, join_type=Inner, on=[(gensys_asp@1, gensys_asp@1)], projection=[wtur@0, gensys@2, generator@4, ts@5, dp@6, t@7]
                                                      QuadPatternExec: n_graphs=1, subject=?wtur, predicate=<https://github.com/magbak/chrontext/rds_power#hasFunctionalAspect>, object=?gensys_asp
                                                      CoalesceBatchesExec: target_batch_size=8192
                                                        HashJoinExec: mode=CollectLeft, join_type=Inner, on=[(gensys@0, gensys@0)], projection=[gensys@0, gensys_asp@1, generator@3, ts@4, dp@5, t@6]
                                                          QuadPatternExec: n_graphs=1, subject=?gensys, predicate=<https://github.com/magbak/chrontext/rds_power#hasFunctionalAspectNode>, object=?gensys_asp
                                                          CoalesceBatchesExec: target_batch_size=8192
                                                            HashJoinExec: mode=CollectLeft, join_type=Inner, on=[(generator_asp@1, generator_asp@1)], projection=[gensys@0, generator@2, ts@4, dp@5, t@6]
                                                              QuadPatternExec: n_graphs=1, subject=?gensys, predicate=<https://github.com/magbak/chrontext/rds_power#hasFunctionalAspect>, object=?generator_asp
                                                              CoalesceBatchesExec: target_batch_size=8192
                                                                HashJoinExec: mode=CollectLeft, join_type=Inner, on=[(generator@0, generator@0)], projection=[generator@0, generator_asp@1, ts@3, dp@4, t@5]
                                                                  QuadPatternExec: n_graphs=1, subject=?generator, predicate=<https://github.com/magbak/chrontext/rds_power#hasFunctionalAspectNode>, object=?generator_asp
                                                                  CoalesceBatchesExec: target_batch_size=8192
                                                                    HashJoinExec: mode=CollectLeft, join_type=Inner, on=[(ts@1, ts@0)], projection=[generator@0, ts@1, dp@3, t@4]
                                                                      QuadPatternExec: n_graphs=1, subject=?generator, predicate=<https://github.com/magbak/chrontext#hasTimeseries>, object=?ts
                                                                      CoalesceBatchesExec: target_batch_size=8192
                                                                        HashJoinExec: mode=CollectLeft, join_type=Inner, on=[(dp@1, dp@0)], projection=[ts@0, dp@1, t@3]
                                                                          QuadPatternExec: n_graphs=1, subject=?ts, predicate=<https://github.com/magbak/chrontext#hasDataPoint>, object=?dp
                                                                          CoalesceBatchesExec: target_batch_size=8192
                                                                            FilterExec: EBV(LEQ(ENC_TV(t@1), 10:{value:6379749281300.0000000000000000,offset:}))
                                                                              QuadPatternExec: n_graphs=1, subject=?dp, predicate=<https://github.com/magbak/chrontext#hasTimestamp>, object=?t
