---
source: bench/tests/plans/bsbm_explore.rs
expression: "&string"
---
ProjectionExec: expr=[ENC_PT(label@0) as label, ENC_PT(comment@1) as comment, ENC_PT(producer@2) as producer, ENC_PT(productFeature@3) as productFeature, ENC_PT(propertyTextual1@4) as propertyTextual1, ENC_PT(propertyTextual2@5) as propertyTextual2, ENC_PT(propertyTextual3@6) as propertyTextual3, ENC_PT(propertyNumeric1@7) as propertyNumeric1, ENC_PT(propertyNumeric2@8) as propertyNumeric2, ENC_PT(propertyTextual4@9) as propertyTextual4, ENC_PT(propertyTextual5@10) as propertyTextual5, ENC_PT(propertyNumeric4@11) as propertyNumeric4]
  NestedLoopJoinExec: join_type=Left
    NestedLoopJoinExec: join_type=Left
      NestedLoopJoinExec: join_type=Left
        CrossJoinExec
          CrossJoinExec
            CrossJoinExec
              CrossJoinExec
                CrossJoinExec
                  CoalesceBatchesExec: target_batch_size=8192
                    HashJoinExec: mode=CollectLeft, join_type=Inner, on=[(f@3, f@0)], projection=[label@0, comment@1, producer@2, productFeature@5]
                      CrossJoinExec
                        CoalesceBatchesExec: target_batch_size=8192
                          HashJoinExec: mode=CollectLeft, join_type=Inner, on=[(p@2, p@0)], projection=[label@0, comment@1, producer@3]
                            CoalesceBatchesExec: target_batch_size=8192
                              HashJoinExec: mode=CollectLeft, join_type=Inner, on=[(p@2, p@0)], projection=[label@0, comment@1, p@2, producer@4]
                                CrossJoinExec
                                  CrossJoinExec
                                    DataSourceExec: [GSPO] subject=<http://www4.wiwiss.fu-berlin.de/bizer/bsbm/v01/instances/dataFromProducer6/Product272>, predicate=<http://www.w3.org/2000/01/rdf-schema#label>, object=?label
                                    DataSourceExec: [GSPO] subject=<http://www4.wiwiss.fu-berlin.de/bizer/bsbm/v01/instances/dataFromProducer6/Product272>, predicate=<http://www.w3.org/2000/01/rdf-schema#comment>, object=?comment
                                  DataSourceExec: [GSPO] subject=<http://www4.wiwiss.fu-berlin.de/bizer/bsbm/v01/instances/dataFromProducer6/Product272>, predicate=<http://www4.wiwiss.fu-berlin.de/bizer/bsbm/v01/vocabulary/producer>, object=?p
                                DataSourceExec: [GPOS] subject=?p, predicate=<http://www.w3.org/2000/01/rdf-schema#label>, object=?producer, additional_filters=[DynamicFilter [ p@0 >= <object id> AND p@0 <= <object id> ]]
                            DataSourceExec: [GSPO] subject=<http://www4.wiwiss.fu-berlin.de/bizer/bsbm/v01/instances/dataFromProducer6/Product272>, predicate=<http://purl.org/dc/elements/1.1/publisher>, object=?p, additional_filters=[DynamicFilter [ p@0 >= <object id> AND p@0 <= <object id> ]]
                        DataSourceExec: [GSPO] subject=<http://www4.wiwiss.fu-berlin.de/bizer/bsbm/v01/instances/dataFromProducer6/Product272>, predicate=<http://www4.wiwiss.fu-berlin.de/bizer/bsbm/v01/vocabulary/productFeature>, object=?f
                      DataSourceExec: [GPOS] subject=?f, predicate=<http://www.w3.org/2000/01/rdf-schema#label>, object=?productFeature, additional_filters=[DynamicFilter [ f@0 >= <object id> AND f@0 <= <object id> ]]
                  DataSourceExec: [GSPO] subject=<http://www4.wiwiss.fu-berlin.de/bizer/bsbm/v01/instances/dataFromProducer6/Product272>, predicate=<http://www4.wiwiss.fu-berlin.de/bizer/bsbm/v01/vocabulary/productPropertyTextual1>, object=?propertyTextual1
                DataSourceExec: [GSPO] subject=<http://www4.wiwiss.fu-berlin.de/bizer/bsbm/v01/instances/dataFromProducer6/Product272>, predicate=<http://www4.wiwiss.fu-berlin.de/bizer/bsbm/v01/vocabulary/productPropertyTextual2>, object=?propertyTextual2
              DataSourceExec: [GSPO] subject=<http://www4.wiwiss.fu-berlin.de/bizer/bsbm/v01/instances/dataFromProducer6/Product272>, predicate=<http://www4.wiwiss.fu-berlin.de/bizer/bsbm/v01/vocabulary/productPropertyTextual3>, object=?propertyTextual3
            DataSourceExec: [GSPO] subject=<http://www4.wiwiss.fu-berlin.de/bizer/bsbm/v01/instances/dataFromProducer6/Product272>, predicate=<http://www4.wiwiss.fu-berlin.de/bizer/bsbm/v01/vocabulary/productPropertyNumeric1>, object=?propertyNumeric1
          DataSourceExec: [GSPO] subject=<http://www4.wiwiss.fu-berlin.de/bizer/bsbm/v01/instances/dataFromProducer6/Product272>, predicate=<http://www4.wiwiss.fu-berlin.de/bizer/bsbm/v01/vocabulary/productPropertyNumeric2>, object=?propertyNumeric2
        DataSourceExec: [GSPO] subject=<http://www4.wiwiss.fu-berlin.de/bizer/bsbm/v01/instances/dataFromProducer6/Product272>, predicate=<http://www4.wiwiss.fu-berlin.de/bizer/bsbm/v01/vocabulary/productPropertyTextual4>, object=?propertyTextual4
      DataSourceExec: [GSPO] subject=<http://www4.wiwiss.fu-berlin.de/bizer/bsbm/v01/instances/dataFromProducer6/Product272>, predicate=<http://www4.wiwiss.fu-berlin.de/bizer/bsbm/v01/vocabulary/productPropertyTextual5>, object=?propertyTextual5
    DataSourceExec: [GSPO] subject=<http://www4.wiwiss.fu-berlin.de/bizer/bsbm/v01/instances/dataFromProducer6/Product272>, predicate=<http://www4.wiwiss.fu-berlin.de/bizer/bsbm/v01/vocabulary/productPropertyNumeric4>, object=?propertyNumeric4
